   Compiling iced-py-gui v0.4.0 (/home/charles/Documents/ray_iced_projects/iced-py-gui)
    Finished `dev` profile [unoptimized + debuginfo] target(s) in 5.08s
